=== flutter analyze ===
Analyzing adsız klasör 2...                                    
No issues found! (ran in 4.8s)

=== flutter test ===
00:00 +0: loading /Users/isahamid/adsız klasör 2/test/graphemes_test.dart                                                                                                                             00:00 +0: /Users/isahamid/adsız klasör 2/test/graphemes_test.dart: splitGraphemes basit kelimeleri tek karakterlere böler                                                                             00:00 +1: /Users/isahamid/adsız klasör 2/test/levels_test.dart: levels.json yüklenir ve tüm seviyeler tutarlıdır                                                                                      00:00 +2: /Users/isahamid/adsız klasör 2/test/levels_test.dart: levels.json yüklenir ve tüm seviyeler tutarlıdır                                                                                      00:00 +3: /Users/isahamid/adsız klasör 2/test/levels_test.dart: levels.json yüklenir ve tüm seviyeler tutarlıdır                                                                                      00:00 +4: /Users/isahamid/adsız klasör 2/test/levels_test.dart: levels.json yüklenir ve tüm seviyeler tutarlıdır                                                                                      00:00 +5: /Users/isahamid/adsız klasör 2/test/widget_test.dart: oyun ekranı kurulur: başlık anahtarı ve çark harfleri görünür                                                                         00:00 +6: /Users/isahamid/adsız klasör 2/test/widget_test.dart: oyun ekranı kurulur: başlık anahtarı ve çark harfleri görünür                                                                         00:00 +7: /Users/isahamid/adsız klasör 2/test/widget_test.dart: oyun ekranı kurulur: başlık anahtarı ve çark harfleri görünür                                                                         00:00 +8: /Users/isahamid/adsız klasör 2/test/widget_test.dart: oyun ekranı kurulur: başlık anahtarı ve çark harfleri görünür                                                                         00:00 +9: /Users/isahamid/adsız klasör 2/test/widget_test.dart: oyun ekranı kurulur: başlık anahtarı ve çark harfleri görünür                                                                         00:00 +10: /Users/isahamid/adsız klasör 2/test/widget_test.dart: oyun ekranı kurulur: başlık anahtarı ve çark harfleri görünür                                                                        00:00 +11: /Users/isahamid/adsız klasör 2/test/widget_test.dart: oyun ekranı kurulur: başlık anahtarı ve çark harfleri görünür                                                                        00:00 +12: /Users/isahamid/adsız klasör 2/test/widget_test.dart: oyun ekranı kurulur: başlık anahtarı ve çark harfleri görünür                                                                        00:00 +13: /Users/isahamid/adsız klasör 2/test/widget_test.dart: oyun ekranı kurulur: başlık anahtarı ve çark harfleri görünür                                                                        00:01 +13: /Users/isahamid/adsız klasör 2/test/widget_test.dart: oyun ekranı kurulur: başlık anahtarı ve çark harfleri görünür                                                                        00:01 +14: /Users/isahamid/adsız klasör 2/test/widget_test.dart: oyun ekranı kurulur: başlık anahtarı ve çark harfleri görünür                                                                        00:01 +14: /Users/isahamid/adsız klasör 2/test/widget_test.dart: sürükleyerek kelime çözmek grid ve coin kutusunu günceller                                                                           00:01 +15: /Users/isahamid/adsız klasör 2/test/widget_test.dart: sürükleyerek kelime çözmek grid ve coin kutusunu günceller                                                                           00:01 +15: All tests passed!                                                                                                                                                                           

=== BİTTİ ===
